/Users/dirktjantele/Desktop/Hardware Projects/Hardware Synth/CasualNoises Framework/CasualNoises/Core/Text/../../Utilities/ReportFault.h:37:13:void CN_Delay()	24	static
/Users/dirktjantele/Desktop/Hardware Projects/Hardware Synth/CasualNoises Framework/CasualNoises/Core/Text/../../Utilities/ReportFault.h:91:13:void CN_ReportFault(eErrorCodes)	24	static
../Core/Src/main.cpp:106:6:void displayStatus(eStatusCodes)	24	static
../Core/Src/main.cpp:124:6:void toggleTimeMarker_1()	8	static
../Core/Src/main.cpp:129:6:void setTimeMarker_1()	8	static
../Core/Src/main.cpp:134:6:void resetTimeMarker_1()	8	static
../Core/Src/main.cpp:139:6:void toggleTimeMarker_2()	8	static
../Core/Src/main.cpp:144:6:void setTimeMarker_2()	8	static
../Core/Src/main.cpp:149:6:void resetTimeMarker_2()	8	static
../Core/Src/main.cpp:154:6:void toggleTimeMarker_3()	8	static
../Core/Src/main.cpp:159:6:void setTimeMarker_3()	8	static
../Core/Src/main.cpp:164:6:void resetTimeMarker_3()	8	static
../Core/Src/main.cpp:169:6:void toggleTimeMarker_4()	8	static
../Core/Src/main.cpp:174:6:void setTimeMarker_4()	8	static
../Core/Src/main.cpp:179:6:void resetTimeMarker_4()	8	static
../Core/Src/main.cpp:190:5:int main()	8	static,ignoring_inline_asm
../Core/Src/main.cpp:307:6:void SystemClock_Config()	120	static
../Core/Src/main.cpp:367:13:void MX_ADC2_Init()	48	static
../Core/Src/main.cpp:436:13:void MX_SPI1_Init()	8	static
../Core/Src/main.cpp:484:13:void MX_SPI2_Init()	8	static
../Core/Src/main.cpp:532:13:void MX_SPI3_Init()	8	static
../Core/Src/main.cpp:580:13:void MX_SPI5_Init()	8	static
../Core/Src/main.cpp:628:13:void MX_TIM4_Init()	40	static
../Core/Src/main.cpp:673:13:void MX_TIM6_Init()	24	static
../Core/Src/main.cpp:711:13:void MX_TIM15_Init()	40	static
../Core/Src/main.cpp:755:13:void MX_DMA_Init()	16	static
../Core/Src/main.cpp:776:13:void MX_GPIO_Init()	64	static
../Core/Src/main.cpp:902:6:void StartDefaultTask(void*)	48	static
../Core/Src/main.cpp:1083:6:void MPU_Config()	24	static
../Core/Src/main.cpp:1118:6:void HAL_TIM_PeriodElapsedCallback(TIM_HandleTypeDef*)	16	static
../Core/Src/main.cpp:1151:6:void Error_Handler()	4	static,ignoring_inline_asm
