../Core/Src/stm32h7xx_it.c:77:6:NMI_Handler	4	static
../Core/Src/stm32h7xx_it.c:92:6:HardFault_Handler	4	static
../Core/Src/stm32h7xx_it.c:107:6:MemManage_Handler	4	static
../Core/Src/stm32h7xx_it.c:122:6:BusFault_Handler	4	static
../Core/Src/stm32h7xx_it.c:137:6:UsageFault_Handler	4	static
../Core/Src/stm32h7xx_it.c:152:6:DebugMon_Handler	4	static
../Core/Src/stm32h7xx_it.c:172:6:DMA1_Stream0_IRQHandler	8	static
../Core/Src/stm32h7xx_it.c:186:6:DMA1_Stream1_IRQHandler	8	static
../Core/Src/stm32h7xx_it.c:200:6:ADC_IRQHandler	8	static
../Core/Src/stm32h7xx_it.c:214:6:TIM1_UP_IRQHandler	8	static
../Core/Src/stm32h7xx_it.c:228:6:TIM4_IRQHandler	8	static
../Core/Src/stm32h7xx_it.c:242:6:SPI2_IRQHandler	8	static
../Core/Src/stm32h7xx_it.c:256:6:TIM6_DAC_IRQHandler	8	static
../Core/Src/stm32h7xx_it.c:270:6:TIM15_IRQHandler	8	static
