/Users/dirktjantele/Desktop/Hardware Projects/Hardware Synth/CasualNoises Framework/CasualNoises/Utilities/ReportFault.h:37:13:void CN_Delay()	24	static
/Users/dirktjantele/Desktop/Hardware Projects/Hardware Synth/CasualNoises Framework/CasualNoises/Utilities/ReportFault.h:91:13:void CN_ReportFault(eErrorCodes)	24	static
/Users/dirktjantele/Desktop/Hardware Projects/Hardware Synth/CasualNoises Framework/CasualNoises/Drivers/OLED/SSD1309_Driver.h:72:2:CasualNoises::SSD1309_Driver::SSD1309_Driver(CasualNoises::sSSD1309_ConfigData*)	16	static
/Users/dirktjantele/Desktop/Hardware Projects/Hardware Synth/CasualNoises Framework/CasualNoises/Drivers/OLED/SSD1309_Driver.h:85:7:void CasualNoises::SSD1309_Driver::resetDisplay()	16	static
/Users/dirktjantele/Desktop/Hardware Projects/Hardware Synth/CasualNoises Framework/CasualNoises/Drivers/OLED/SSD1309_Driver.h:97:20:HAL_StatusTypeDef CasualNoises::SSD1309_Driver::displayOn()	24	static
/Users/dirktjantele/Desktop/Hardware Projects/Hardware Synth/CasualNoises Framework/CasualNoises/Drivers/OLED/SSD1309_Driver.h:113:7:void CasualNoises::SSD1309_Driver::clearDisplay()	24	static
/Users/dirktjantele/Desktop/Hardware Projects/Hardware Synth/CasualNoises Framework/CasualNoises/Drivers/OLED/SSD1309_Driver.h:125:20:HAL_StatusTypeDef CasualNoises::SSD1309_Driver::refreshDisplay()	40	static
/Users/dirktjantele/Desktop/Hardware Projects/Hardware Synth/CasualNoises Framework/CasualNoises/Drivers/OLED/SSD1309_Driver.h:166:7:void CasualNoises::SSD1309_Driver::drawPixel(int32_t, int32_t, CasualNoises::eBitOperations)	24	static
/Users/dirktjantele/Desktop/Hardware Projects/Hardware Synth/CasualNoises Framework/CasualNoises/Drivers/OLED/SSD1309_Driver.h:184:7:void CasualNoises::SSD1309_Driver::drawRect(int16_t, int16_t, uint16_t, uint16_t, CasualNoises::eBitOperations)	40	static
/Users/dirktjantele/Desktop/Hardware Projects/Hardware Synth/CasualNoises Framework/CasualNoises/Drivers/OLED/SSD1309_Driver.h:241:7:void CasualNoises::SSD1309_Driver::drawLine(int32_t, int32_t, int32_t, int32_t, CasualNoises::eBitOperations)	64	static
/Users/dirktjantele/Desktop/Hardware Projects/Hardware Synth/CasualNoises Framework/CasualNoises/Drivers/OLED/SSD1309_Driver.h:355:7:void CasualNoises::SSD1309_Driver::drawCharacter(int32_t, int32_t, unsigned char, const CasualNoises::sFont*, CasualNoises::eBitOperations)	48	static
/Users/dirktjantele/Desktop/Hardware Projects/Hardware Synth/CasualNoises Framework/CasualNoises/Drivers/OLED/SSD1309_Driver.h:386:7:void CasualNoises::SSD1309_Driver::drawText(int32_t, int32_t, const char*, const CasualNoises::sFont*, CasualNoises::eBitOperations)	48	static
/Users/dirktjantele/Desktop/Hardware Projects/Hardware Synth/CasualNoises Framework/CasualNoises/Drivers/OLED/SSD1309_Driver.h:594:7:void CasualNoises::SSD1309_Driver::swap(int32_t*, int32_t*)	32	static
/Users/dirktjantele/Desktop/Hardware Projects/Hardware Synth/CasualNoises Framework/CasualNoises/Drivers/OLED/SSD1309_Driver.h:606:10:int32_t CasualNoises::SSD1309_Driver::abs(int32_t)	16	static
/Users/dirktjantele/Desktop/Hardware Projects/Hardware Synth/CasualNoises Framework/CasualNoises/Drivers/OLED/SSD1309_Driver.h:619:20:HAL_StatusTypeDef CasualNoises::SSD1309_Driver::sendCommand(uint8_t)	24	static
/Users/dirktjantele/Desktop/Hardware Projects/Hardware Synth/CasualNoises Framework/CasualNoises/Drivers/OLED/SSD1309_Driver.h:635:20:HAL_StatusTypeDef CasualNoises::SSD1309_Driver::sendCommand(uint8_t, uint8_t)	24	static
../DeviceBoardEngine/UI_Thread.cpp:52:6:void CasualNoises::createInitialTLVs(QueueHandle_t)	176	static
../DeviceBoardEngine/UI_Thread.cpp:99:6:void CasualNoises::UI_Thread(void*)	320	static
../DeviceBoardEngine/UI_Thread.cpp:360:12:BaseType_t CasualNoises::Start_UI_Thread(UI_ThreadData*)	32	static
