/Users/dirktjantele/Desktop/Hardware Projects/Hardware Synth/CasualNoises Framework/CasualNoises/Utilities/ReportFault.h:37:13:void CN_Delay()	24	static
/Users/dirktjantele/Desktop/Hardware Projects/Hardware Synth/CasualNoises Framework/CasualNoises/Utilities/ReportFault.h:91:13:void CN_ReportFault(eErrorCodes)	24	static
/Users/dirktjantele/Desktop/Hardware Projects/Hardware Synth/CasualNoises Framework/CasualNoises/Graphics/Contexts/../../Drivers/OLED/SSD1309_Driver.h:166:7:void CasualNoises::SSD1309_Driver::drawPixel(int32_t, int32_t, CasualNoises::eBitOperations)	24	static
/Users/dirktjantele/Desktop/Hardware Projects/Hardware Synth/CasualNoises Framework/CasualNoises/Graphics/Contexts/../../Drivers/OLED/SSD1309_Driver.h:209:7:void CasualNoises::SSD1309_Driver::fillRect(int32_t, int32_t, int32_t, int32_t, CasualNoises::eBitOperations)	48	static
/Users/dirktjantele/Desktop/Hardware Projects/Hardware Synth/CasualNoises Framework/CasualNoises/Graphics/Contexts/../../Drivers/OLED/SSD1309_Driver.h:241:7:void CasualNoises::SSD1309_Driver::drawLine(int32_t, int32_t, int32_t, int32_t, CasualNoises::eBitOperations)	64	static
/Users/dirktjantele/Desktop/Hardware Projects/Hardware Synth/CasualNoises Framework/CasualNoises/Graphics/Contexts/../../Drivers/OLED/SSD1309_Driver.h:550:7:bool CasualNoises::SSD1309_Driver::clipRect(int32_t*, int32_t*, int32_t*, int32_t*)	24	static
/Users/dirktjantele/Desktop/Hardware Projects/Hardware Synth/CasualNoises Framework/CasualNoises/Graphics/Contexts/../../Drivers/OLED/SSD1309_Driver.h:594:7:void CasualNoises::SSD1309_Driver::swap(int32_t*, int32_t*)	32	static
/Users/dirktjantele/Desktop/Hardware Projects/Hardware Synth/CasualNoises Framework/CasualNoises/Graphics/Contexts/../../Drivers/OLED/SSD1309_Driver.h:606:10:int32_t CasualNoises::SSD1309_Driver::abs(int32_t)	16	static
/Users/dirktjantele/Desktop/Hardware Projects/Hardware Synth/CasualNoises Framework/CasualNoises/Graphics/Contexts/Graphics.cpp:27:1:CasualNoises::Graphics::Graphics(CasualNoises::SSD1309_Driver*)	16	static
/Users/dirktjantele/Desktop/Hardware Projects/Hardware Synth/CasualNoises Framework/CasualNoises/Graphics/Contexts/Graphics.cpp:39:6:void CasualNoises::Graphics::fillAll(CasualNoises::eBitOperations)	24	static
/Users/dirktjantele/Desktop/Hardware Projects/Hardware Synth/CasualNoises Framework/CasualNoises/Graphics/Contexts/Graphics.cpp:50:6:void CasualNoises::Graphics::fillRect(int, int, int, int, CasualNoises::eBitOperations)	32	static
/Users/dirktjantele/Desktop/Hardware Projects/Hardware Synth/CasualNoises Framework/CasualNoises/Graphics/Contexts/Graphics.cpp:60:6:void CasualNoises::Graphics::fillRect(CasualNoises::Rectangle<int>, CasualNoises::eBitOperations)	40	static
/Users/dirktjantele/Desktop/Hardware Projects/Hardware Synth/CasualNoises Framework/CasualNoises/Graphics/Geometry/Rectangle.h:106:22:ValueType CasualNoises::Rectangle<ValueType>::getX() const [with ValueType = int]	16	static
/Users/dirktjantele/Desktop/Hardware Projects/Hardware Synth/CasualNoises Framework/CasualNoises/Graphics/Geometry/Rectangle.h:109:22:ValueType CasualNoises::Rectangle<ValueType>::getY() const [with ValueType = int]	16	static
/Users/dirktjantele/Desktop/Hardware Projects/Hardware Synth/CasualNoises Framework/CasualNoises/Graphics/Geometry/Rectangle.h:112:22:ValueType CasualNoises::Rectangle<ValueType>::getWidth() const [with ValueType = int]	16	static
/Users/dirktjantele/Desktop/Hardware Projects/Hardware Synth/CasualNoises Framework/CasualNoises/Graphics/Geometry/Rectangle.h:115:22:ValueType CasualNoises::Rectangle<ValueType>::getHeight() const [with ValueType = int]	16	static
