/Users/dirktjantele/Desktop/Hardware Projects/Hardware Synth/CasualNoises Framework/CasualNoises/Utilities/ReportFault.h:37:13:void CN_Delay()	24	static
/Users/dirktjantele/Desktop/Hardware Projects/Hardware Synth/CasualNoises Framework/CasualNoises/Utilities/ReportFault.h:117:13:void CN_ReportFault(eErrorCodes)	24	static
../NorthSideEngine/NorthSideAudioProcessor.cpp:37:6:virtual void CasualNoises::NorthSideAudioProcessor::prepareToPlay(float, uint32_t, void*)	24	static
../NorthSideEngine/NorthSideAudioProcessor.cpp:57:6:virtual void CasualNoises::NorthSideAudioProcessor::releaseResources()	16	static
../NorthSideEngine/NorthSideAudioProcessor.cpp:69:6:virtual void CasualNoises::NorthSideAudioProcessor::processNerveNetData(uint32_t, uint32_t, uint8_t*)	24	static
/Users/dirktjantele/Desktop/Hardware Projects/Hardware Synth/CasualNoises Framework/CasualNoises/DSP/Filter/IIRFilters.h:28:2:CasualNoises::Filter::IIRFilters::~IIRFilters()	16	static
../NorthSideEngine/NorthSideAudioProcessor.cpp:88:50:void __tcf_0()	8	static
../NorthSideEngine/NorthSideAudioProcessor.cpp:86:6:virtual void CasualNoises::NorthSideAudioProcessor::processBlock(CasualNoises::AudioBuffer&, CasualNoises::AudioBuffer&)	64	static
../NorthSideEngine/NorthSideAudioProcessor.cpp:108:6:virtual void CasualNoises::NorthSideAudioProcessor::handle_ADC_Data(uint32_t, uint16_t*)	24	static
/Applications/STM32CubeIDE.app/Contents/Eclipse/plugins/com.st.stm32cube.ide.mcu.externaltools.gnu-tools-for-stm32.13.3.rel1.macos64_1.0.0.202411102158/tools/arm-none-eabi/include/c++/13.3.1/bits/stl_vector.h:733:7:std::vector<_Tp, _Alloc>::~vector() [with _Tp = CasualNoises::Filter::ChannelFeed*; _Alloc = std::allocator<CasualNoises::Filter::ChannelFeed*>]	40	static
/Applications/STM32CubeIDE.app/Contents/Eclipse/plugins/com.st.stm32cube.ide.mcu.externaltools.gnu-tools-for-stm32.13.3.rel1.macos64_1.0.0.202411102158/tools/arm-none-eabi/include/c++/13.3.1/bits/stl_vector.h:133:14:std::_Vector_base<CasualNoises::Filter::ChannelFeed*, std::allocator<CasualNoises::Filter::ChannelFeed*> >::_Vector_impl::~_Vector_impl()	24	static
/Applications/STM32CubeIDE.app/Contents/Eclipse/plugins/com.st.stm32cube.ide.mcu.externaltools.gnu-tools-for-stm32.13.3.rel1.macos64_1.0.0.202411102158/tools/arm-none-eabi/include/c++/13.3.1/bits/stl_vector.h:367:7:std::_Vector_base<_Tp, _Alloc>::~_Vector_base() [with _Tp = CasualNoises::Filter::ChannelFeed*; _Alloc = std::allocator<CasualNoises::Filter::ChannelFeed*>]	16	static
/Applications/STM32CubeIDE.app/Contents/Eclipse/plugins/com.st.stm32cube.ide.mcu.externaltools.gnu-tools-for-stm32.13.3.rel1.macos64_1.0.0.202411102158/tools/arm-none-eabi/include/c++/13.3.1/bits/stl_vector.h:301:7:std::_Vector_base<_Tp, _Alloc>::_Tp_alloc_type& std::_Vector_base<_Tp, _Alloc>::_M_get_Tp_allocator() [with _Tp = CasualNoises::Filter::ChannelFeed*; _Alloc = std::allocator<CasualNoises::Filter::ChannelFeed*>]	16	static
/Applications/STM32CubeIDE.app/Contents/Eclipse/plugins/com.st.stm32cube.ide.mcu.externaltools.gnu-tools-for-stm32.13.3.rel1.macos64_1.0.0.202411102158/tools/arm-none-eabi/include/c++/13.3.1/bits/stl_vector.h:386:7:void std::_Vector_base<_Tp, _Alloc>::_M_deallocate(pointer, std::size_t) [with _Tp = CasualNoises::Filter::ChannelFeed*; _Alloc = std::allocator<CasualNoises::Filter::ChannelFeed*>]	40	static
/Applications/STM32CubeIDE.app/Contents/Eclipse/plugins/com.st.stm32cube.ide.mcu.externaltools.gnu-tools-for-stm32.13.3.rel1.macos64_1.0.0.202411102158/tools/arm-none-eabi/include/c++/13.3.1/bits/stl_construct.h:182:5:void std::_Destroy(_ForwardIterator, _ForwardIterator) [with _ForwardIterator = CasualNoises::Filter::ChannelFeed**]	16	static
/Applications/STM32CubeIDE.app/Contents/Eclipse/plugins/com.st.stm32cube.ide.mcu.externaltools.gnu-tools-for-stm32.13.3.rel1.macos64_1.0.0.202411102158/tools/arm-none-eabi/include/c++/13.3.1/bits/new_allocator.h:104:7:std::__new_allocator<_Tp>::~__new_allocator() [with _Tp = CasualNoises::Filter::ChannelFeed*]	16	static
/Applications/STM32CubeIDE.app/Contents/Eclipse/plugins/com.st.stm32cube.ide.mcu.externaltools.gnu-tools-for-stm32.13.3.rel1.macos64_1.0.0.202411102158/tools/arm-none-eabi/include/c++/13.3.1/bits/stl_construct.h:172:9:static void std::_Destroy_aux<true>::__destroy(_ForwardIterator, _ForwardIterator) [with _ForwardIterator = CasualNoises::Filter::ChannelFeed**]	16	static
/Applications/STM32CubeIDE.app/Contents/Eclipse/plugins/com.st.stm32cube.ide.mcu.externaltools.gnu-tools-for-stm32.13.3.rel1.macos64_1.0.0.202411102158/tools/arm-none-eabi/include/c++/13.3.1/bits/new_allocator.h:156:7:void std::__new_allocator<_Tp>::deallocate(_Tp*, size_type) [with _Tp = CasualNoises::Filter::ChannelFeed*]	24	static
