/Users/dirktjantele/Desktop/Hardware Projects/Hardware Synth/CasualNoises Framework/CasualNoises/Drivers/OLED/SSD1309_Driver.h:166:7:void CasualNoises::SSD1309_Driver::drawPixel(int32_t, int32_t, CasualNoises::eBitOperations)	24	static
/Users/dirktjantele/Desktop/Hardware Projects/Hardware Synth/CasualNoises Framework/CasualNoises/Drivers/OLED/SSD1309_Driver.h:184:7:void CasualNoises::SSD1309_Driver::drawRect(int16_t, int16_t, uint16_t, uint16_t, CasualNoises::eBitOperations)	40	static
/Users/dirktjantele/Desktop/Hardware Projects/Hardware Synth/CasualNoises Framework/CasualNoises/Drivers/OLED/SSD1309_Driver.h:198:7:void CasualNoises::SSD1309_Driver::drawRect(CasualNoises::Rectangle<int>, CasualNoises::eBitOperations)	40	static
/Users/dirktjantele/Desktop/Hardware Projects/Hardware Synth/CasualNoises Framework/CasualNoises/Drivers/OLED/SSD1309_Driver.h:241:7:void CasualNoises::SSD1309_Driver::drawLine(int32_t, int32_t, int32_t, int32_t, CasualNoises::eBitOperations)	64	static
/Users/dirktjantele/Desktop/Hardware Projects/Hardware Synth/CasualNoises Framework/CasualNoises/Drivers/OLED/SSD1309_Driver.h:594:7:void CasualNoises::SSD1309_Driver::swap(int32_t*, int32_t*)	32	static
/Users/dirktjantele/Desktop/Hardware Projects/Hardware Synth/CasualNoises Framework/CasualNoises/Drivers/OLED/SSD1309_Driver.h:606:10:int32_t CasualNoises::SSD1309_Driver::abs(int32_t)	16	static
/Users/dirktjantele/Desktop/Hardware Projects/Hardware Synth/CasualNoises Framework/CasualNoises/Utilities/ReportFault.h:37:13:void CN_Delay()	24	static
/Users/dirktjantele/Desktop/Hardware Projects/Hardware Synth/CasualNoises Framework/CasualNoises/Utilities/ReportFault.h:91:13:void CN_ReportFault(eErrorCodes)	24	static
/Users/dirktjantele/Desktop/Hardware Projects/Hardware Synth/CasualNoises Framework/CasualNoises/Core/Text/String.h:32:3:CasualNoises::String::String(const CasualNoises::String&)	24	static
/Users/dirktjantele/Desktop/Hardware Projects/Hardware Synth/CasualNoises Framework/CasualNoises/Core/Text/String.h:65:2:CasualNoises::String::String(char*)	24	static
/Users/dirktjantele/Desktop/Hardware Projects/Hardware Synth/CasualNoises Framework/CasualNoises/Core/Text/String.h:83:3:CasualNoises::String::~String()	16	static
/Users/dirktjantele/Desktop/Hardware Projects/Hardware Synth/CasualNoises Framework/CasualNoises/Core/Text/String.h:24:3:constexpr CasualNoises::String::String()	16	static
/Users/dirktjantele/Desktop/Hardware Projects/Hardware Synth/CasualNoises Framework/CasualNoises/GUI/GUI_Basics/Components/Component.h:37:18:CasualNoises::Rectangle<int>& CasualNoises::Component::getLocalBounds()	16	static
/Users/dirktjantele/Desktop/Hardware Projects/Hardware Synth/CasualNoises Framework/CasualNoises/GUI/GUI_Basics/Components/Component.h:42:15:virtual bool CasualNoises::Component::handleUI_event(CasualNoises::sIncommingUI_Event*, bool, CasualNoises::Graphics&)	24	static
/Users/dirktjantele/Desktop/Hardware Projects/Hardware Synth/CasualNoises Framework/CasualNoises/Graphics/Contexts/Graphics.h:33:18:CasualNoises::SSD1309_Driver* CasualNoises::Graphics::getScreen()	16	static
/Users/dirktjantele/Desktop/Hardware Projects/Hardware Synth/CasualNoises Framework/CasualNoises/GUI/GUI_Basics/Components/Component.h:32:2:CasualNoises::Component::~Component()	16	static
/Users/dirktjantele/Desktop/Hardware Projects/Hardware Synth/CasualNoises Framework/CasualNoises/GUI/GUI_Basics/Components/ProgressBar.cpp:31:1:CasualNoises::ProgressBar::ProgressBar(CasualNoises::String)	48	static
/Users/dirktjantele/Desktop/Hardware Projects/Hardware Synth/CasualNoises Framework/CasualNoises/GUI/GUI_Basics/Components/ProgressBar.cpp:37:1:CasualNoises::ProgressBar::ProgressBar(CasualNoises::String, CasualNoises::String)	40	static
/Users/dirktjantele/Desktop/Hardware Projects/Hardware Synth/CasualNoises Framework/CasualNoises/GUI/GUI_Basics/Components/Label.h:33:2:CasualNoises::Label::~Label()	16	static
/Users/dirktjantele/Desktop/Hardware Projects/Hardware Synth/CasualNoises Framework/CasualNoises/GUI/GUI_Basics/Components/ProgressBar.cpp:43:1:CasualNoises::ProgressBar::~ProgressBar()	24	static
/Users/dirktjantele/Desktop/Hardware Projects/Hardware Synth/CasualNoises Framework/CasualNoises/GUI/GUI_Basics/Components/ProgressBar.cpp:55:6:virtual void CasualNoises::ProgressBar::paint(CasualNoises::Graphics&)	80	static
/Users/dirktjantele/Desktop/Hardware Projects/Hardware Synth/CasualNoises Framework/CasualNoises/Graphics/Geometry/Rectangle.h:106:22:ValueType CasualNoises::Rectangle<ValueType>::getX() const [with ValueType = int]	16	static
/Users/dirktjantele/Desktop/Hardware Projects/Hardware Synth/CasualNoises Framework/CasualNoises/Graphics/Geometry/Rectangle.h:109:22:ValueType CasualNoises::Rectangle<ValueType>::getY() const [with ValueType = int]	16	static
/Users/dirktjantele/Desktop/Hardware Projects/Hardware Synth/CasualNoises Framework/CasualNoises/Graphics/Geometry/Rectangle.h:112:22:ValueType CasualNoises::Rectangle<ValueType>::getWidth() const [with ValueType = int]	16	static
/Users/dirktjantele/Desktop/Hardware Projects/Hardware Synth/CasualNoises Framework/CasualNoises/Graphics/Geometry/Rectangle.h:115:22:ValueType CasualNoises::Rectangle<ValueType>::getHeight() const [with ValueType = int]	16	static
/Users/dirktjantele/Desktop/Hardware Projects/Hardware Synth/CasualNoises Framework/CasualNoises/Graphics/Geometry/Rectangle.h:413:11:void CasualNoises::Rectangle<ValueType>::reduce(ValueType, ValueType) [with ValueType = int]	24	static
/Users/dirktjantele/Desktop/Hardware Projects/Hardware Synth/CasualNoises Framework/CasualNoises/Graphics/Geometry/Rectangle.h:182:17:void CasualNoises::Rectangle<ValueType>::setHeight(ValueType) [with ValueType = int]	16	static
/Users/dirktjantele/Desktop/Hardware Projects/Hardware Synth/CasualNoises Framework/CasualNoises/Graphics/Geometry/Rectangle.h:179:17:void CasualNoises::Rectangle<ValueType>::setWidth(ValueType) [with ValueType = int]	16	static
/Users/dirktjantele/Desktop/Hardware Projects/Hardware Synth/CasualNoises Framework/CasualNoises/Graphics/Geometry/Rectangle.h:377:11:void CasualNoises::Rectangle<ValueType>::expand(ValueType, ValueType) [with ValueType = int]	40	static
/Users/dirktjantele/Desktop/Hardware Projects/Hardware Synth/CasualNoises Framework/CasualNoises/Core/Maths/MathsFunctions.h:72:16:constexpr Type CasualNoises::jmax(Type, Type) [with Type = int]	16	static
/Users/dirktjantele/Desktop/Hardware Projects/Hardware Synth/CasualNoises Framework/CasualNoises/Graphics/Geometry/Rectangle.h:169:10:void CasualNoises::Rectangle<ValueType>::setBounds(ValueType, ValueType, ValueType, ValueType) [with ValueType = int]	24	static
