/Users/dirktjantele/Desktop/Hardware Projects/Hardware Synth/CasualNoises Framework/CasualNoises/Drivers/NVM Drivers/W25Q64 Driver/W25Qxx_Driver.h:73:10:virtual bool CasualNoises::W25Qxx_Driver::isDriverReady()	16	static
/Users/dirktjantele/Desktop/Hardware Projects/Hardware Synth/CasualNoises Framework/CasualNoises/Drivers/NVM Drivers/W25Q64 Driver/W25Qxx_Driver.h:74:13:virtual uint32_t CasualNoises::W25Qxx_Driver::getTotalCapacity()	16	static
/Users/dirktjantele/Desktop/Hardware Projects/Hardware Synth/CasualNoises Framework/CasualNoises/Drivers/NVM Drivers/W25Q64 Driver/W25Qxx_Driver.h:76:10:virtual bool CasualNoises::W25Qxx_Driver::outOfRangeDetected()	16	static
/Users/dirktjantele/Desktop/Hardware Projects/Hardware Synth/CasualNoises Framework/CasualNoises/Drivers/NVM Drivers/W25Q64 Driver/W25Qxx_Driver.h:78:13:virtual uint32_t CasualNoises::W25Qxx_Driver::getNoOfDevices()	16	static
/Users/dirktjantele/Desktop/Hardware Projects/Hardware Synth/CasualNoises Framework/CasualNoises/Drivers/NVM Drivers/W25Q64 Driver/W25Qxx_Driver.h:79:13:virtual uint32_t CasualNoises::W25Qxx_Driver::getDeviceCapacity()	16	static
/Users/dirktjantele/Desktop/Hardware Projects/Hardware Synth/CasualNoises Framework/CasualNoises/Drivers/NVM Drivers/W25Q64 Driver/../NVM Driver/NVM_Driver.h:40:7:constexpr CasualNoises::NVM_Driver::NVM_Driver()	16	static
/Users/dirktjantele/Desktop/Hardware Projects/Hardware Synth/CasualNoises Framework/CasualNoises/Drivers/NVM Drivers/W25Q64 Driver/W25Qxx_Driver.cpp:30:1:CasualNoises::W25Qxx_Driver::W25Qxx_Driver(const CasualNoises::sNVM_DriverInitData*)	64	static
/Users/dirktjantele/Desktop/Hardware Projects/Hardware Synth/CasualNoises Framework/CasualNoises/Drivers/NVM Drivers/W25Q64 Driver/W25Qxx_Driver.cpp:93:6:bool CasualNoises::W25Qxx_Driver::checkForCacheChange()	24	static
/Users/dirktjantele/Desktop/Hardware Projects/Hardware Synth/CasualNoises Framework/CasualNoises/Drivers/NVM Drivers/W25Q64 Driver/W25Qxx_Driver.cpp:129:11:virtual uint32_t& CasualNoises::W25Qxx_Driver::operator[](uint32_t)	32	static
/Users/dirktjantele/Desktop/Hardware Projects/Hardware Synth/CasualNoises Framework/CasualNoises/Drivers/NVM Drivers/W25Q64 Driver/W25Qxx_Driver.cpp:176:19:virtual HAL_StatusTypeDef CasualNoises::W25Qxx_Driver::eraseAllDevices()	56	static
/Users/dirktjantele/Desktop/Hardware Projects/Hardware Synth/CasualNoises Framework/CasualNoises/Drivers/NVM Drivers/W25Q64 Driver/W25Qxx_Driver.cpp:212:19:HAL_StatusTypeDef CasualNoises::W25Qxx_Driver::sendDeviceCommand(uint16_t, CasualNoises::eFlashCommandCodes, uint8_t, uint8_t, uint8_t, uint8_t, uint8_t, uint8_t, uint8_t, uint8_t)	56	static
/Users/dirktjantele/Desktop/Hardware Projects/Hardware Synth/CasualNoises Framework/CasualNoises/Drivers/NVM Drivers/W25Q64 Driver/W25Qxx_Driver.cpp:251:19:HAL_StatusTypeDef CasualNoises::W25Qxx_Driver::readStatusRegisters(uint16_t)	56	static
/Users/dirktjantele/Desktop/Hardware Projects/Hardware Synth/CasualNoises Framework/CasualNoises/Drivers/NVM Drivers/W25Q64 Driver/W25Qxx_Driver.cpp:270:19:HAL_StatusTypeDef CasualNoises::W25Qxx_Driver::waitUntilDeviceReady(uint16_t)	24	static
/Users/dirktjantele/Desktop/Hardware Projects/Hardware Synth/CasualNoises Framework/CasualNoises/Drivers/NVM Drivers/W25Q64 Driver/W25Qxx_Driver.cpp:292:19:HAL_StatusTypeDef CasualNoises::W25Qxx_Driver::fastSectorRead(uint32_t)	48	static
/Users/dirktjantele/Desktop/Hardware Projects/Hardware Synth/CasualNoises Framework/CasualNoises/Drivers/NVM Drivers/W25Q64 Driver/W25Qxx_Driver.cpp:351:19:virtual HAL_StatusTypeDef CasualNoises::W25Qxx_Driver::flushSectorCache()	104	static
