/Users/dirktjantele/Desktop/Hardware Projects/Hardware Synth/_Current Projects/BreakOut_0.1/Firmware/CasualNoises/Core/Text/../../Utilities/ReportFault.h:28:13:void CasualNoises::CN_ReportFault(uint32_t)	32	static
../Core/Src/main.cpp:111:5:int main()	8	static
../Core/Src/main.cpp:197:6:void SystemClock_Config()	120	static
../Core/Src/main.cpp:257:13:void MX_ETH_Init()	8	static
../Core/Src/main.cpp:306:13:void MX_I2C1_Init()	8	static
../Core/Src/main.cpp:354:13:void MX_I2S2_Init()	8	static
../Core/Src/main.cpp:390:13:void MX_SPI1_Init()	8	static
../Core/Src/main.cpp:438:13:void MX_USART3_UART_Init()	8	static
../Core/Src/main.cpp:486:13:void MX_USB_OTG_HS_USB_Init()	4	static
../Core/Src/main.cpp:507:13:void MX_GPIO_Init()	56	static
../Core/Src/main.cpp:604:6:void StartDefaultTask(void*)	96	static
../Core/Src/main.cpp:672:6:void HAL_TIM_PeriodElapsedCallback(TIM_HandleTypeDef*)	16	static
../Core/Src/main.cpp:689:6:void Error_Handler()	4	static,ignoring_inline_asm
