/Users/dirktjantele/Desktop/Hardware Projects/Hardware Synth/CasualNoises Framework/CasualNoises/Core/Text/../../Utilities/ReportFault.h:37:13:void CN_Delay()	24	static
/Users/dirktjantele/Desktop/Hardware Projects/Hardware Synth/CasualNoises Framework/CasualNoises/Core/Text/../../Utilities/ReportFault.h:91:13:void CN_ReportFault(eErrorCodes)	24	static
/Users/dirktjantele/Desktop/Hardware Projects/Hardware Synth/CasualNoises Framework/CasualNoises/Drivers/TLV Driver/TLV_Driver.h:38:8:bool CasualNoises::TLV_Driver::addTLV_Bytes(uint32_t, uint32_t, uint32_t*)	32	static
/Users/dirktjantele/Desktop/Hardware Projects/Hardware Synth/CasualNoises Framework/CasualNoises/Drivers/TLV Driver/TLV_Driver.h:44:11:uint32_t CasualNoises::TLV_Driver::readTLV_Bytes(uint32_t, uint32_t, uint32_t*)	32	static
/Users/dirktjantele/Desktop/Hardware Projects/Hardware Synth/CasualNoises Framework/CasualNoises/Drivers/TLV Driver/TLV_Driver.h:50:8:bool CasualNoises::TLV_Driver::updateTLV_Bytes(uint32_t, uint32_t, uint32_t*)	24	static
/Users/dirktjantele/Desktop/Hardware Projects/Hardware Synth/CasualNoises Framework/CasualNoises/Drivers/TLV Driver/TLV_Driver.h:56:11:uint32_t CasualNoises::TLV_Driver::getTLV_LengthBytes(uint32_t)	16	static
/Users/dirktjantele/Desktop/Hardware Projects/Hardware Synth/CasualNoises Framework/CasualNoises/Drivers/TLV Driver/TLV_Driver.h:71:20:uint32_t CasualNoises::TLV_Driver::getLength(uint32_t) const	16	static
../DeviceBoardEngine/UI_Handlers/PageManager.cpp:33:1:CasualNoises::PageManager::PageManager(CasualNoises::SSD1309_Driver*, CasualNoises::TLV_Driver*)	80	static
../DeviceBoardEngine/UI_Handlers/PageManager.cpp:107:1:CasualNoises::PageManager::~PageManager()	16	static
../DeviceBoardEngine/UI_Handlers/PageManager.cpp:122:6:void CasualNoises::PageManager::createPage(CasualNoises::ePageId, bool, uint32_t)	40	static
../DeviceBoardEngine/UI_Handlers/PageManager.cpp:187:6:void CasualNoises::PageManager::handleUI_event(CasualNoises::sIncommingUI_Event*)	24	static
../DeviceBoardEngine/UI_Handlers/PageManager.cpp:238:6:void CasualNoises::PageManager::setExitSwitchLedIntensity()	32	static
../DeviceBoardEngine/UI_Handlers/PageManager.cpp:260:6:void CasualNoises::PageManager::handleExitSwitch(bool, bool)	32	static
