/Users/dirktjantele/Desktop/Hardware Projects/Hardware Synth/CasualNoises Framework/CasualNoises/Core/Text/../../Utilities/ReportFault.h:37:13:void CN_Delay()	24	static
/Users/dirktjantele/Desktop/Hardware Projects/Hardware Synth/CasualNoises Framework/CasualNoises/Core/Text/../../Utilities/ReportFault.h:91:13:void CN_ReportFault(eErrorCodes)	24	static
/Users/dirktjantele/Desktop/Hardware Projects/Hardware Synth/CasualNoises Framework/CasualNoises/../CasualNoises/Drivers/OLED/SSD1309_Driver.h:112:7:void CasualNoises::SSD1309_Driver::clearDisplay()	24	static
/Users/dirktjantele/Desktop/Hardware Projects/Hardware Synth/CasualNoises Framework/CasualNoises/../CasualNoises/Drivers/OLED/SSD1309_Driver.h:124:20:HAL_StatusTypeDef CasualNoises::SSD1309_Driver::refreshDisplay()	40	static
/Users/dirktjantele/Desktop/Hardware Projects/Hardware Synth/CasualNoises Framework/CasualNoises/../CasualNoises/Drivers/OLED/SSD1309_Driver.h:165:7:void CasualNoises::SSD1309_Driver::drawPixel(int32_t, int32_t, CasualNoises::eBitOperations)	24	static
/Users/dirktjantele/Desktop/Hardware Projects/Hardware Synth/CasualNoises Framework/CasualNoises/../CasualNoises/Drivers/OLED/SSD1309_Driver.h:183:7:void CasualNoises::SSD1309_Driver::drawRect(int16_t, int16_t, uint16_t, uint16_t, CasualNoises::eBitOperations)	40	static
/Users/dirktjantele/Desktop/Hardware Projects/Hardware Synth/CasualNoises Framework/CasualNoises/../CasualNoises/Drivers/OLED/SSD1309_Driver.h:218:7:void CasualNoises::SSD1309_Driver::drawLine(int32_t, int32_t, int32_t, int32_t, CasualNoises::eBitOperations)	64	static
/Users/dirktjantele/Desktop/Hardware Projects/Hardware Synth/CasualNoises Framework/CasualNoises/../CasualNoises/Drivers/OLED/SSD1309_Driver.h:332:7:void CasualNoises::SSD1309_Driver::drawCharacter(int32_t, int32_t, unsigned char, const CasualNoises::sFont*, CasualNoises::eBitOperations)	48	static
/Users/dirktjantele/Desktop/Hardware Projects/Hardware Synth/CasualNoises Framework/CasualNoises/../CasualNoises/Drivers/OLED/SSD1309_Driver.h:363:7:void CasualNoises::SSD1309_Driver::drawText(int32_t, int32_t, const char*, const CasualNoises::sFont*, CasualNoises::eBitOperations)	48	static
/Users/dirktjantele/Desktop/Hardware Projects/Hardware Synth/CasualNoises Framework/CasualNoises/../CasualNoises/Drivers/OLED/SSD1309_Driver.h:551:7:void CasualNoises::SSD1309_Driver::swap(int32_t*, int32_t*)	32	static
/Users/dirktjantele/Desktop/Hardware Projects/Hardware Synth/CasualNoises Framework/CasualNoises/../CasualNoises/Drivers/OLED/SSD1309_Driver.h:563:10:int32_t CasualNoises::SSD1309_Driver::abs(int32_t)	16	static
../DeviceBoardEngine/UI_Handlers/RootPage.h:39:10:CasualNoises::RootPage::~RootPage()	16	static
../DeviceBoardEngine/UI_Handlers/RootPage.h:39:10:virtual CasualNoises::RootPage::~RootPage()	16	static
../DeviceBoardEngine/UI_Handlers/SetupPage.cpp:28:1:CasualNoises::SetupPage::SetupPage(CasualNoises::SSD1309_Driver*, CasualNoises::TLV_Driver*, CasualNoises::PageManager*)	24	static
../DeviceBoardEngine/UI_Handlers/SetupPage.cpp:70:6:virtual void CasualNoises::SetupPage::paint(CasualNoises::Graphics&)	24	static
../DeviceBoardEngine/UI_Handlers/SetupPage.cpp:89:6:virtual void CasualNoises::SetupPage::resized()	16	static
../DeviceBoardEngine/UI_Handlers/SetupPage.cpp:101:6:virtual void CasualNoises::SetupPage::saveContext()	16	static
../DeviceBoardEngine/UI_Handlers/SetupPage.cpp:113:6:virtual void CasualNoises::SetupPage::handleUI_event(CasualNoises::sIncommingUI_Event*, bool)	24	static
/Applications/STM32CubeIDE.app/Contents/Eclipse/plugins/com.st.stm32cube.ide.mcu.externaltools.gnu-tools-for-stm32.13.3.rel1.macos64_1.0.0.202411102158/tools/arm-none-eabi/include/c++/13.3.1/bits/stl_vector.h:733:7:std::vector<_Tp, _Alloc>::~vector() [with _Tp = CasualNoises::Component*; _Alloc = std::allocator<CasualNoises::Component*>]	40	static
/Applications/STM32CubeIDE.app/Contents/Eclipse/plugins/com.st.stm32cube.ide.mcu.externaltools.gnu-tools-for-stm32.13.3.rel1.macos64_1.0.0.202411102158/tools/arm-none-eabi/include/c++/13.3.1/bits/stl_vector.h:133:14:std::_Vector_base<CasualNoises::Component*, std::allocator<CasualNoises::Component*> >::_Vector_impl::~_Vector_impl()	24	static
/Applications/STM32CubeIDE.app/Contents/Eclipse/plugins/com.st.stm32cube.ide.mcu.externaltools.gnu-tools-for-stm32.13.3.rel1.macos64_1.0.0.202411102158/tools/arm-none-eabi/include/c++/13.3.1/bits/stl_vector.h:367:7:std::_Vector_base<_Tp, _Alloc>::~_Vector_base() [with _Tp = CasualNoises::Component*; _Alloc = std::allocator<CasualNoises::Component*>]	16	static
/Applications/STM32CubeIDE.app/Contents/Eclipse/plugins/com.st.stm32cube.ide.mcu.externaltools.gnu-tools-for-stm32.13.3.rel1.macos64_1.0.0.202411102158/tools/arm-none-eabi/include/c++/13.3.1/bits/stl_vector.h:301:7:std::_Vector_base<_Tp, _Alloc>::_Tp_alloc_type& std::_Vector_base<_Tp, _Alloc>::_M_get_Tp_allocator() [with _Tp = CasualNoises::Component*; _Alloc = std::allocator<CasualNoises::Component*>]	16	static
/Applications/STM32CubeIDE.app/Contents/Eclipse/plugins/com.st.stm32cube.ide.mcu.externaltools.gnu-tools-for-stm32.13.3.rel1.macos64_1.0.0.202411102158/tools/arm-none-eabi/include/c++/13.3.1/bits/stl_vector.h:386:7:void std::_Vector_base<_Tp, _Alloc>::_M_deallocate(pointer, std::size_t) [with _Tp = CasualNoises::Component*; _Alloc = std::allocator<CasualNoises::Component*>]	40	static
/Applications/STM32CubeIDE.app/Contents/Eclipse/plugins/com.st.stm32cube.ide.mcu.externaltools.gnu-tools-for-stm32.13.3.rel1.macos64_1.0.0.202411102158/tools/arm-none-eabi/include/c++/13.3.1/bits/stl_construct.h:182:5:void std::_Destroy(_ForwardIterator, _ForwardIterator) [with _ForwardIterator = CasualNoises::Component**]	16	static
/Applications/STM32CubeIDE.app/Contents/Eclipse/plugins/com.st.stm32cube.ide.mcu.externaltools.gnu-tools-for-stm32.13.3.rel1.macos64_1.0.0.202411102158/tools/arm-none-eabi/include/c++/13.3.1/bits/new_allocator.h:104:7:std::__new_allocator<_Tp>::~__new_allocator() [with _Tp = CasualNoises::Component*]	16	static
/Applications/STM32CubeIDE.app/Contents/Eclipse/plugins/com.st.stm32cube.ide.mcu.externaltools.gnu-tools-for-stm32.13.3.rel1.macos64_1.0.0.202411102158/tools/arm-none-eabi/include/c++/13.3.1/bits/stl_construct.h:172:9:static void std::_Destroy_aux<true>::__destroy(_ForwardIterator, _ForwardIterator) [with _ForwardIterator = CasualNoises::Component**]	16	static
/Applications/STM32CubeIDE.app/Contents/Eclipse/plugins/com.st.stm32cube.ide.mcu.externaltools.gnu-tools-for-stm32.13.3.rel1.macos64_1.0.0.202411102158/tools/arm-none-eabi/include/c++/13.3.1/bits/new_allocator.h:156:7:void std::__new_allocator<_Tp>::deallocate(_Tp*, size_type) [with _Tp = CasualNoises::Component*]	24	static
../DeviceBoardEngine/UI_Handlers/SetupPage.h:38:2:CasualNoises::SetupPage::~SetupPage()	16	static
../DeviceBoardEngine/UI_Handlers/SetupPage.h:38:2:virtual CasualNoises::SetupPage::~SetupPage()	16	static
